Archive member included to satisfy reference by file (symbol)

c:/st/stm32cubeide_1.4.0/stm32cubeide/plugins/com.st.stm32cube.ide.mcu.externaltools.gnu-tools-for-stm32.7-2018-q2-update.win32_1.4.0.202007081208/tools/bin/../lib/gcc/arm-none-eabi/7.3.1/../../../../arm-none-eabi/lib/thumb/v7e-m/fpv4-sp/hard\libc_nano.a(lib_a-exit.o)
                              c:/st/stm32cubeide_1.4.0/stm32cubeide/plugins/com.st.stm32cube.ide.mcu.externaltools.gnu-tools-for-stm32.7-2018-q2-update.win32_1.4.0.202007081208/tools/bin/../lib/gcc/arm-none-eabi/7.3.1/../../../../arm-none-eabi/lib/thumb/v7e-m/fpv4-sp/hard/crt0.o (exit)
c:/st/stm32cubeide_1.4.0/stm32cubeide/plugins/com.st.stm32cube.ide.mcu.externaltools.gnu-tools-for-stm32.7-2018-q2-update.win32_1.4.0.202007081208/tools/bin/../lib/gcc/arm-none-eabi/7.3.1/../../../../arm-none-eabi/lib/thumb/v7e-m/fpv4-sp/hard\libc_nano.a(lib_a-impure.o)
                              c:/st/stm32cubeide_1.4.0/stm32cubeide/plugins/com.st.stm32cube.ide.mcu.externaltools.gnu-tools-for-stm32.7-2018-q2-update.win32_1.4.0.202007081208/tools/bin/../lib/gcc/arm-none-eabi/7.3.1/../../../../arm-none-eabi/lib/thumb/v7e-m/fpv4-sp/hard\libc_nano.a(lib_a-exit.o) (_global_impure_ptr)
c:/st/stm32cubeide_1.4.0/stm32cubeide/plugins/com.st.stm32cube.ide.mcu.externaltools.gnu-tools-for-stm32.7-2018-q2-update.win32_1.4.0.202007081208/tools/bin/../lib/gcc/arm-none-eabi/7.3.1/../../../../arm-none-eabi/lib/thumb/v7e-m/fpv4-sp/hard\libc_nano.a(lib_a-init.o)
                              c:/st/stm32cubeide_1.4.0/stm32cubeide/plugins/com.st.stm32cube.ide.mcu.externaltools.gnu-tools-for-stm32.7-2018-q2-update.win32_1.4.0.202007081208/tools/bin/../lib/gcc/arm-none-eabi/7.3.1/../../../../arm-none-eabi/lib/thumb/v7e-m/fpv4-sp/hard/crt0.o (__libc_init_array)
c:/st/stm32cubeide_1.4.0/stm32cubeide/plugins/com.st.stm32cube.ide.mcu.externaltools.gnu-tools-for-stm32.7-2018-q2-update.win32_1.4.0.202007081208/tools/bin/../lib/gcc/arm-none-eabi/7.3.1/../../../../arm-none-eabi/lib/thumb/v7e-m/fpv4-sp/hard\libc_nano.a(lib_a-memcmp.o)
                              build/main.o (memcmp)
c:/st/stm32cubeide_1.4.0/stm32cubeide/plugins/com.st.stm32cube.ide.mcu.externaltools.gnu-tools-for-stm32.7-2018-q2-update.win32_1.4.0.202007081208/tools/bin/../lib/gcc/arm-none-eabi/7.3.1/../../../../arm-none-eabi/lib/thumb/v7e-m/fpv4-sp/hard\libc_nano.a(lib_a-memcpy-stub.o)
                              build/main.o (memcpy)
c:/st/stm32cubeide_1.4.0/stm32cubeide/plugins/com.st.stm32cube.ide.mcu.externaltools.gnu-tools-for-stm32.7-2018-q2-update.win32_1.4.0.202007081208/tools/bin/../lib/gcc/arm-none-eabi/7.3.1/../../../../arm-none-eabi/lib/thumb/v7e-m/fpv4-sp/hard\libc_nano.a(lib_a-memmove.o)
                              build/main.o (memmove)
c:/st/stm32cubeide_1.4.0/stm32cubeide/plugins/com.st.stm32cube.ide.mcu.externaltools.gnu-tools-for-stm32.7-2018-q2-update.win32_1.4.0.202007081208/tools/bin/../lib/gcc/arm-none-eabi/7.3.1/../../../../arm-none-eabi/lib/thumb/v7e-m/fpv4-sp/hard\libc_nano.a(lib_a-memset.o)
                              c:/st/stm32cubeide_1.4.0/stm32cubeide/plugins/com.st.stm32cube.ide.mcu.externaltools.gnu-tools-for-stm32.7-2018-q2-update.win32_1.4.0.202007081208/tools/bin/../lib/gcc/arm-none-eabi/7.3.1/../../../../arm-none-eabi/lib/thumb/v7e-m/fpv4-sp/hard/crt0.o (memset)
c:/st/stm32cubeide_1.4.0/stm32cubeide/plugins/com.st.stm32cube.ide.mcu.externaltools.gnu-tools-for-stm32.7-2018-q2-update.win32_1.4.0.202007081208/tools/bin/../lib/gcc/arm-none-eabi/7.3.1/../../../../arm-none-eabi/lib/thumb/v7e-m/fpv4-sp/hard\libc_nano.a(lib_a-strcmp.o)
                              build/main.o (strcmp)
c:/st/stm32cubeide_1.4.0/stm32cubeide/plugins/com.st.stm32cube.ide.mcu.externaltools.gnu-tools-for-stm32.7-2018-q2-update.win32_1.4.0.202007081208/tools/bin/../lib/gcc/arm-none-eabi/7.3.1/../../../../arm-none-eabi/lib/thumb/v7e-m/fpv4-sp/hard\libc_nano.a(lib_a-strcpy.o)
                              build/main.o (strcpy)
c:/st/stm32cubeide_1.4.0/stm32cubeide/plugins/com.st.stm32cube.ide.mcu.externaltools.gnu-tools-for-stm32.7-2018-q2-update.win32_1.4.0.202007081208/tools/bin/../lib/gcc/arm-none-eabi/7.3.1/../../../../arm-none-eabi/lib/thumb/v7e-m/fpv4-sp/hard\libc_nano.a(lib_a-strncmp.o)
                              build/main.o (strncmp)
c:/st/stm32cubeide_1.4.0/stm32cubeide/plugins/com.st.stm32cube.ide.mcu.externaltools.gnu-tools-for-stm32.7-2018-q2-update.win32_1.4.0.202007081208/tools/bin/../lib/gcc/arm-none-eabi/7.3.1/../../../../arm-none-eabi/lib/thumb/v7e-m/fpv4-sp/hard\libnosys.a(_exit.o)
                              c:/st/stm32cubeide_1.4.0/stm32cubeide/plugins/com.st.stm32cube.ide.mcu.externaltools.gnu-tools-for-stm32.7-2018-q2-update.win32_1.4.0.202007081208/tools/bin/../lib/gcc/arm-none-eabi/7.3.1/../../../../arm-none-eabi/lib/thumb/v7e-m/fpv4-sp/hard\libc_nano.a(lib_a-exit.o) (_exit)

Allocating common symbols
Common symbol       size              file

[...]
Memory Configuration

Name             Origin             Length             Attributes
FLASH            0x0000000000000000 0x000000000000c000 xr
SRAM             0x000000002000c000 0x0000000000014000 xrw
CCMRAM           0x0000000010000000 0x0000000000010000 rw
*default*        0x0000000000000000 0xffffffffffffffff

Linker script and memory map

LOAD c:/st/stm32cubeide_1.4.0/stm32cubeide/plugins/com.st.stm32cube.ide.mcu.externaltools.gnu-tools-for-stm32.7-2018-q2-update.win32_1.4.0.202007081208/tools/bin/../lib/gcc/arm-none-eabi/7.3.1/thumb/v7e-m/fpv4-sp/hard/crti.o
LOAD c:/st/stm32cubeide_1.4.0/stm32cubeide/plugins/com.st.stm32cube.ide.mcu.externaltools.gnu-tools-for-stm32.7-2018-q2-update.win32_1.4.0.202007081208/tools/bin/../lib/gcc/arm-none-eabi/7.3.1/thumb/v7e-m/fpv4-sp/hard/crtbegin.o
LOAD c:/st/stm32cubeide_1.4.0/stm32cubeide/plugins/com.st.stm32cube.ide.mcu.externaltools.gnu-tools-for-stm32.7-2018-q2-update.win32_1.4.0.202007081208/tools/bin/../lib/gcc/arm-none-eabi/7.3.1/../../../../arm-none-eabi/lib/thumb/v7e-m/fpv4-sp/hard/crt0.o
LOAD build/main.o
LOAD build/ff.o
LOAD build/ffunicode.o
LOAD build/startup_stm32f405xx.o
LOAD c:/st/stm32cubeide_1.4.0/stm32cubeide/plugins/com.st.stm32cube.ide.mcu.externaltools.gnu-tools-for-stm32.7-2018-q2-update.win32_1.4.0.202007081208/tools/bin/../lib/gcc/arm-none-eabi/7.3.1/../../../../arm-none-eabi/lib/thumb/v7e-m/fpv4-sp/hard\libc_nano.a
LOAD c:/st/stm32cubeide_1.4.0/stm32cubeide/plugins/com.st.stm32cube.ide.mcu.externaltools.gnu-tools-for-stm32.7-2018-q2-update.win32_1.4.0.202007081208/tools/bin/../lib/gcc/arm-none-eabi/7.3.1/../../../../arm-none-eabi/lib/thumb/v7e-m/fpv4-sp/hard\libm.a
LOAD c:/st/stm32cubeide_1.4.0/stm32cubeide/plugins/com.st.stm32cube.ide.mcu.externaltools.gnu-tools-for-stm32.7-2018-q2-update.win32_1.4.0.202007081208/tools/bin/../lib/gcc/arm-none-eabi/7.3.1/../../../../arm-none-eabi/lib/thumb/v7e-m/fpv4-sp/hard\libnosys.a
START GROUP
LOAD c:/st/stm32cubeide_1.4.0/stm32cubeide/plugins/com.st.stm32cube.ide.mcu.externaltools.gnu-tools-for-stm32.7-2018-q2-update.win32_1.4.0.202007081208/tools/bin/../lib/gcc/arm-none-eabi/7.3.1/thumb/v7e-m/fpv4-sp/hard\libgcc.a
LOAD c:/st/stm32cubeide_1.4.0/stm32cubeide/plugins/com.st.stm32cube.ide.mcu.externaltools.gnu-tools-for-stm32.7-2018-q2-update.win32_1.4.0.202007081208/tools/bin/../lib/gcc/arm-none-eabi/7.3.1/../../../../arm-none-eabi/lib/thumb/v7e-m/fpv4-sp/hard\libc_nano.a
END GROUP
START GROUP
LOAD c:/st/stm32cubeide_1.4.0/stm32cubeide/plugins/com.st.stm32cube.ide.mcu.externaltools.gnu-tools-for-stm32.7-2018-q2-update.win32_1.4.0.202007081208/tools/bin/../lib/gcc/arm-none-eabi/7.3.1/thumb/v7e-m/fpv4-sp/hard\libgcc.a
LOAD c:/st/stm32cubeide_1.4.0/stm32cubeide/plugins/com.st.stm32cube.ide.mcu.externaltools.gnu-tools-for-stm32.7-2018-q2-update.win32_1.4.0.202007081208/tools/bin/../lib/gcc/arm-none-eabi/7.3.1/../../../../arm-none-eabi/lib/thumb/v7e-m/fpv4-sp/hard\libc_nano.a
END GROUP
LOAD c:/st/stm32cubeide_1.4.0/stm32cubeide/plugins/com.st.stm32cube.ide.mcu.externaltools.gnu-tools-for-stm32.7-2018-q2-update.win32_1.4.0.202007081208/tools/bin/../lib/gcc/arm-none-eabi/7.3.1/thumb/v7e-m/fpv4-sp/hard/crtend.o
LOAD c:/st/stm32cubeide_1.4.0/stm32cubeide/plugins/com.st.stm32cube.ide.mcu.externaltools.gnu-tools-for-stm32.7-2018-q2-update.win32_1.4.0.202007081208/tools/bin/../lib/gcc/arm-none-eabi/7.3.1/thumb/v7e-m/fpv4-sp/hard/crtn.o
                0x0000000010010000                _estack = 0x10010000
                0x0000000000002000                _Min_Heap_Size = 0x2000
                0x0000000000004000                _Min_Stack_Size = 0x4000

.isr_vector     0x0000000000000000      0x188
                0x0000000000000000                . = ALIGN (0x4)
 *(.isr_vector)
 .isr_vector    0x0000000000000000      0x188 build/startup_stm32f405xx.o
                0x0000000000000000                g_pfnVectors
                0x0000000000000188                . = ALIGN (0x4)

.text           0x0000000000000188     0x8790
                0x0000000000000188                . = ALIGN (0x4)
 *(.text)
 .text          0x0000000000000188       0x40 c:/st/stm32cubeide_1.4.0/stm32cubeide/plugins/com.st.stm32cube.ide.mcu.externaltools.gnu-tools-for-stm32.7-2018-q2-update.win32_1.4.0.202007081208/tools/bin/../lib/gcc/arm-none-eabi/7.3.1/thumb/v7e-m/fpv4-sp/hard/crtbegin.o
 .text          0x00000000000001c8       0x14 c:/st/stm32cubeide_1.4.0/stm32cubeide/plugins/com.st.stm32cube.ide.mcu.externaltools.gnu-tools-for-stm32.7-2018-q2-update.win32_1.4.0.202007081208/tools/bin/../lib/gcc/arm-none-eabi/7.3.1/../../../../arm-none-eabi/lib/thumb/v7e-m/fpv4-sp/hard\libc_nano.a(lib_a-strcmp.o)
                0x00000000000001c8                strcmp
 *(.text*)
 .text.sdio_cmd_send
                0x00000000000001dc       0xac build/main.o
 .text.usbd_set_address
                0x0000000000000288       0x20 build/main.o
 .text.usbd_process_evt
                0x00000000000002a8       0x64 build/main.o
 .text.setaddr  0x000000000000030c       0x14 build/main.o
                0x000000000000030c                setaddr
 .text.set_tx_fifo
                0x0000000000000320       0x64 build/main.o
 .text.ep_deconfig
                0x0000000000000384       0xc0 build/main.o
                0x0000000000000384                ep_deconfig
 .text.ep_read  0x0000000000000444       0x70 build/main.o
                0x0000000000000444                ep_read
 .text.ep_write
                0x00000000000004b4       0x6c build/main.o
                0x00000000000004b4                ep_write
 .text.get_frame
                0x0000000000000520       0x10 build/main.o
                0x0000000000000520                get_frame
 .text.evt_poll
                0x0000000000000530      0x13c build/main.o
                0x0000000000000530                evt_poll
 .text.get_serialno_desc
                0x000000000000066c       0x8c build/main.o
                0x000000000000066c                get_serialno_desc
 .text.cdc_getdesc
                0x00000000000006f8       0x4c build/main.o
 .text.flash_sector_program
                0x0000000000000744       0x98 build/main.o
 .text.buf_putchar
                0x00000000000007dc       0x20 build/main.o
 .text.d64_image_type
                0x00000000000007fc       0x74 build/main.o
 .text.get_file_type
                0x0000000000000870      0x258 build/main.o
 .text.ar4x_init
                0x0000000000000ac8       0x20 build/main.o
 .text.kcs_init
                0x0000000000000ae8       0x2c build/main.o
 .text.fc3_init
                0x0000000000000b14       0x2c build/main.o
 .text.epyx_init
                0x0000000000000b40       0x10 build/main.o
 .text.zaxxon_init
                0x0000000000000b50       0x1c build/main.o
 .text.ss5_init
                0x0000000000000b6c       0x30 build/main.o
 .text.ef_init  0x0000000000000b9c       0x10 build/main.o
 .text.comal80_init
                0x0000000000000bac       0x10 build/main.o
 .text.c64_send_exit_menu
                0x0000000000000bbc       0x48 build/main.o
 .text.options_dir_up
                0x0000000000000c04       0x18 build/main.o
 .text.options_prev_select
                0x0000000000000c1c       0x20 build/main.o
 .text.options_prev_dir
                0x0000000000000c3c       0x14 build/main.o
 .text.reply_page_end
                0x0000000000000c50       0x44 build/main.o
 .text.options_prev_next_page
                0x0000000000000c94        0x4 build/main.o
 .text.disk_filename_match
                0x0000000000000c98       0x44 build/main.o
 .text.disk_parse_filename
                0x0000000000000cdc       0x90 build/main.o
 .text.disk_send_prg
                0x0000000000000d6c       0x40 build/main.o
 .text.disk_send_prg_bank
                0x0000000000000dac       0x40 build/main.o
 .text.c64_send_command
                0x0000000000000dec       0x84 build/main.o
 .text.c64_receive_command
                0x0000000000000e70       0x48 build/main.o
 .text.prg_load_file
                0x0000000000000eb8       0x54 build/main.o
 .text.auto_boot
                0x0000000000000f0c       0xfc build/main.o
 .text.d64_read_next_sector
                0x0000000000001008       0x9c build/main.o
 .text.d64_read_dir
                0x00000000000010a4       0x70 build/main.o
 .text.save_dat
                0x0000000000001114       0x94 build/main.o
 .text.usbd_process_eptx
                0x00000000000011a8       0x78 build/main.o
 .text.usbd_process_ep0
                0x0000000000001220      0x298 build/main.o
 .text.getinfo  0x00000000000014b8       0x24 build/main.o
                0x00000000000014b8                getinfo
 .text.ep_setstall
                0x00000000000014dc       0x50 build/main.o
                0x00000000000014dc                ep_setstall
 .text.ep_isstalled
                0x000000000000152c       0x28 build/main.o
                0x000000000000152c                ep_isstalled
 .text.enable   0x0000000000001554       0xbc build/main.o
                0x0000000000001554                enable
 .text.connect  0x0000000000001610       0x3c build/main.o
                0x0000000000001610                connect
 .text.ep_config
                0x000000000000164c      0x164 build/main.o
                0x000000000000164c                ep_config
 .text.cdc_control
                0x00000000000017b0       0x4c build/main.o
 .text.cdc_setconf
                0x00000000000017fc       0x6c build/main.o
 .text.c64_interface.part.23
                0x0000000000001868       0x70 build/main.o
 .text.c64_reset.part.24
                0x00000000000018d8       0x2c build/main.o
 .text.system_restart
                0x0000000000001904       0x54 build/main.o
 .text.restart_to_menu
                0x0000000000001958       0x18 build/main.o
 .text.simons_basic_handler
                0x0000000000001970       0x88 build/main.o
                0x0000000000001970                simons_basic_handler
 .text.epyx_handler.part.38
                0x00000000000019f8       0x18 build/main.o
 .text.epyx_handler
                0x0000000000001a10       0xc4 build/main.o
                0x0000000000001a10                epyx_handler
 .text.c64gs_handler
                0x0000000000001ad4       0x94 build/main.o
                0x0000000000001ad4                c64gs_handler
 .text.dinamic_handler
                0x0000000000001b68       0x88 build/main.o
                0x0000000000001b68                dinamic_handler
 .text.zaxxon_handler
                0x0000000000001bf0       0x98 build/main.o
                0x0000000000001bf0                zaxxon_handler
 .text.magic_desk_handler
                0x0000000000001c88       0x94 build/main.o
                0x0000000000001c88                magic_desk_handler
 .text.ef_launcher_handler
                0x0000000000001d1c      0x13c build/main.o
                0x0000000000001d1c                ef_launcher_handler
 .text.comal80_handler
                0x0000000000001e58       0x90 build/main.o
                0x0000000000001e58                comal80_handler
 .text.to_petscii_pad
                0x0000000000001ee8       0x5c build/main.o
 .text.options_add_text_element
                0x0000000000001f44       0x60 build/main.o
 .text.options_add_text_block
                0x0000000000001fa4       0x60 build/main.o
 .text.build_options
                0x0000000000002004       0x64 build/main.o
 .text.handle_file_options
                0x0000000000002068       0xa8 build/main.o
 .text.handle_unsupported_ex
                0x0000000000002110       0x34 build/main.o
 .text.options_dir
                0x0000000000002144       0xc4 build/main.o
 .text.options_select
                0x0000000000002208       0x38 build/main.o
 .text.cdc_rx_tx
                0x0000000000002240       0x84 build/main.o
 .text.chdir_last.part.66
                0x00000000000022c4       0x34 build/main.o
 .text.d64_dir_up
                0x00000000000022f8       0x4c build/main.o
 .text.d64_read_file_sector
                0x0000000000002344       0x28 build/main.o
 .text.d64_read_disk_header
                0x000000000000236c       0x6c build/main.o
 .text.disk_find_file.constprop.81
                0x00000000000023d8       0x5c build/main.o
 .text.format_path.constprop.88
                0x0000000000002434       0xf4 build/main.o
 .text.d64_open.constprop.89
                0x0000000000002528       0x6c build/main.o
 .text.printhex.constprop.94
                0x0000000000002594       0x60 build/main.o
 .text.sdio_check_tran.constprop.96
                0x00000000000025f4       0x50 build/main.o
 .text.magic_desk_init
                0x0000000000002644       0x10 build/main.o
 .text.c64_send_text
                0x0000000000002654       0xfc build/main.o
 .text.handle_failed_to_read_sd
                0x0000000000002750       0x1c build/main.o
 .text.handle_file_open
                0x000000000000276c       0x1c build/main.o
 .text.d64_menu_init
                0x0000000000002788       0x44 build/main.o
 .text.d64_skip_to_page
                0x00000000000027cc       0x54 build/main.o
 .text.handle_dir_open
                0x0000000000002820       0x44 build/main.o
 .text.settings_save
                0x0000000000002864       0x40 build/main.o
 .text.crt_handler
                0x00000000000028a4      0x130 build/main.o
                0x00000000000028a4                crt_handler
 .text.sprint   0x00000000000029d4      0x238 build/main.o
 .text.settings_basic_change
                0x0000000000002c0c       0x5c build/main.o
 .text.sd_send_page
                0x0000000000002c68      0x188 build/main.o
 .text.handle_dir_next_page_command
                0x0000000000002df0       0x9c build/main.o
 .text.handle_dir_prev_page_command
                0x0000000000002e8c       0xd0 build/main.o
 .text.handle_dir_command
                0x0000000000002f5c      0x194 build/main.o
 .text.handle_change_dir
                0x00000000000030f0       0x80 build/main.o
 .text.handle_dir_up_command
                0x0000000000003170       0x1c build/main.o
 .text.handle_select_command
                0x000000000000318c      0x6f4 build/main.o
 .text.d64_send_page
                0x0000000000003880      0x224 build/main.o
 .text.d64_next_page
                0x0000000000003aa4       0x6c build/main.o
 .text.d64_prev_page
                0x0000000000003b10       0x78 build/main.o
 .text.d64_dir  0x0000000000003b88       0xb8 build/main.o
 .text.d64_select
                0x0000000000003c40      0x270 build/main.o
 .text.fc3_handler
                0x0000000000003eb0      0x230 build/main.o
                0x0000000000003eb0                fc3_handler
 .text.ss5_handler
                0x00000000000040e0      0x23c build/main.o
                0x00000000000040e0                ss5_handler
 .text.ar4x_handler
                0x000000000000431c      0x284 build/main.o
                0x000000000000431c                ar4x_handler
 .text.kcs_handler
                0x00000000000045a0      0x2c0 build/main.o
                0x00000000000045a0                kcs_handler
 .text.ef_handler
                0x0000000000004860      0x2e8 build/main.o
                0x0000000000004860                ef_handler
 .text.SystemInit
                0x0000000000004b48       0x50 build/main.o
                0x0000000000004b48                SystemInit
 .text.EXTI4_IRQHandler
                0x0000000000004b98       0x2c build/main.o
                0x0000000000004b98                EXTI4_IRQHandler
 .text.disk_initialize
                0x0000000000004bc4      0x39c build/main.o
                0x0000000000004bc4                disk_initialize
 .text.disk_status
                0x0000000000004f60        0xc build/main.o
                0x0000000000004f60                disk_status
 .text.disk_read
                0x0000000000004f6c       0xf8 build/main.o
                0x0000000000004f6c                disk_read
 .text.disk_write
                0x0000000000005064      0x15c build/main.o
                0x0000000000005064                disk_write
 .text.disk_ioctl
                0x00000000000051c0       0x18 build/main.o
                0x00000000000051c0                disk_ioctl
 .text.OTG_FS_IRQHandler
                0x00000000000051d8       0x14 build/main.o
                0x00000000000051d8                OTG_FS_IRQHandler
 .text.startup.main
                0x00000000000051ec     0x14b4 build/main.o
                0x00000000000051ec                main
 .text.get_ldnumber
                0x00000000000066a0       0x4c build/ff.o
 .text.validate
                0x00000000000066ec       0x44 build/ff.o
 .text.mem_cpy.part.0
                0x0000000000006730       0x14 build/ff.o
 .text.sync_window.part.5
                0x0000000000006744       0x44 build/ff.o
 .text.dir_clear
                0x0000000000006788       0x70 build/ff.o
 .text.sync_fs  0x00000000000067f8       0xc0 build/ff.o
 .text.move_window.part.6
                0x00000000000068b8       0x30 build/ff.o
 .text.check_fs
                0x00000000000068e8       0x94 build/ff.o
 .text.put_fat.part.8
                0x000000000000697c      0x140 build/ff.o
 .text.get_fat.isra.9
                0x0000000000006abc       0xe8 build/ff.o
 .text.dir_sdi  0x0000000000006ba4       0x9c build/ff.o
 .text.create_chain
                0x0000000000006c40      0x118 build/ff.o
 .text.remove_chain
                0x0000000000006d58       0x8c build/ff.o
 .text.dir_next
                0x0000000000006de4       0xc0 build/ff.o
 .text.dir_find
                0x0000000000006ea4      0x1dc build/ff.o
 .text.follow_path
                0x0000000000007080      0x37c build/ff.o
 .text.dir_register
                0x00000000000073fc      0x32c build/ff.o
 .text.get_fileinfo
                0x0000000000007728      0x188 build/ff.o
 .text.mount_volume
                0x00000000000078b0      0x324 build/ff.o
 .text.dir_read.constprop.12
                0x0000000000007bd4      0x12c build/ff.o
 .text.f_mount  0x0000000000007d00       0x54 build/ff.o
                0x0000000000007d00                f_mount
 .text.f_open   0x0000000000007d54      0x244 build/ff.o
                0x0000000000007d54                f_open
 .text.f_read   0x0000000000007f98      0x158 build/ff.o
                0x0000000000007f98                f_read
 .text.f_write  0x00000000000080f0      0x1b4 build/ff.o
                0x00000000000080f0                f_write
 .text.f_sync   0x00000000000082a4       0xb0 build/ff.o
                0x00000000000082a4                f_sync
 .text.f_close  0x0000000000008354       0x24 build/ff.o
                0x0000000000008354                f_close
 .text.f_chdir  0x0000000000008378       0x6c build/ff.o
                0x0000000000008378                f_chdir
 .text.f_getcwd
                0x00000000000083e4      0x158 build/ff.o
                0x00000000000083e4                f_getcwd
 .text.f_lseek  0x000000000000853c      0x15c build/ff.o
                0x000000000000853c                f_lseek
 .text.f_opendir
                0x0000000000008698       0x88 build/ff.o
                0x0000000000008698                f_opendir
 .text.f_closedir
                0x0000000000008720       0x14 build/ff.o
                0x0000000000008720                f_closedir
 .text.f_readdir
                0x0000000000008734       0x44 build/ff.o
                0x0000000000008734                f_readdir
 .text.ff_uni2oem
                0x0000000000008778        0x4 build/ffunicode.o
                0x0000000000008778                ff_uni2oem
 .text.ff_oem2uni
                0x000000000000877c        0x4 build/ffunicode.o
                0x000000000000877c                ff_oem2uni
 .text.ff_wtoupper
                0x0000000000008780        0xc build/ffunicode.o
                0x0000000000008780                ff_wtoupper
 .text.Reset_Handler
                0x000000000000878c       0x7c build/startup_stm32f405xx.o
                0x000000000000878c                Reset_Handler
 .text.Default_Handler
                0x0000000000008808        0x2 build/startup_stm32f405xx.o
                0x0000000000008808                RTC_Alarm_IRQHandler
                0x0000000000008808                HASH_RNG_IRQHandler
                0x0000000000008808                EXTI2_IRQHandler
                0x0000000000008808                TIM8_CC_IRQHandler
                0x0000000000008808                DebugMon_Handler
                0x0000000000008808                TIM1_CC_IRQHandler
                0x0000000000008808                DMA2_Stream5_IRQHandler
                0x0000000000008808                HardFault_Handler
                0x0000000000008808                DMA1_Stream5_IRQHandler
                0x0000000000008808                SysTick_Handler
                0x0000000000008808                PVD_IRQHandler
                0x0000000000008808                SDIO_IRQHandler
                0x0000000000008808                TAMP_STAMP_IRQHandler
                0x0000000000008808                PendSV_Handler
                0x0000000000008808                NMI_Handler
                0x0000000000008808                CAN2_RX1_IRQHandler
                0x0000000000008808                EXTI3_IRQHandler
                0x0000000000008808                TIM8_TRG_COM_TIM14_IRQHandler
                0x0000000000008808                TIM1_UP_TIM10_IRQHandler
                0x0000000000008808                TIM8_UP_TIM13_IRQHandler
                0x0000000000008808                I2C3_ER_IRQHandler
                0x0000000000008808                EXTI0_IRQHandler
                0x0000000000008808                I2C2_EV_IRQHandler
                0x0000000000008808                DMA1_Stream2_IRQHandler
                0x0000000000008808                CAN1_RX0_IRQHandler
                0x0000000000008808                FPU_IRQHandler
                0x0000000000008808                OTG_HS_WKUP_IRQHandler
                0x0000000000008808                UsageFault_Handler
                0x0000000000008808                CAN2_SCE_IRQHandler
                0x0000000000008808                DMA2_Stream2_IRQHandler
                0x0000000000008808                SPI1_IRQHandler
                0x0000000000008808                TIM6_DAC_IRQHandler
                0x0000000000008808                TIM1_BRK_TIM9_IRQHandler
                0x0000000000008808                CAN2_RX0_IRQHandler
                0x0000000000008808                DMA2_Stream3_IRQHandler
                0x0000000000008808                USART6_IRQHandler
                0x0000000000008808                USART3_IRQHandler
                0x0000000000008808                CAN1_RX1_IRQHandler
                0x0000000000008808                UART5_IRQHandler
                0x0000000000008808                DMA2_Stream0_IRQHandler
                0x0000000000008808                TIM4_IRQHandler
                0x0000000000008808                I2C1_EV_IRQHandler
                0x0000000000008808                DMA1_Stream6_IRQHandler
                0x0000000000008808                DMA1_Stream1_IRQHandler
                0x0000000000008808                UART4_IRQHandler
                0x0000000000008808                TIM3_IRQHandler
                0x0000000000008808                RCC_IRQHandler
                0x0000000000008808                TIM8_BRK_TIM12_IRQHandler
                0x0000000000008808                Default_Handler
                0x0000000000008808                EXTI15_10_IRQHandler
                0x0000000000008808                ADC_IRQHandler
                0x0000000000008808                DMA1_Stream7_IRQHandler
                0x0000000000008808                TIM7_IRQHandler
                0x0000000000008808                CAN2_TX_IRQHandler
                0x0000000000008808                TIM5_IRQHandler
                0x0000000000008808                DMA2_Stream7_IRQHandler
                0x0000000000008808                I2C3_EV_IRQHandler
                0x0000000000008808                EXTI9_5_IRQHandler
                0x0000000000008808                RTC_WKUP_IRQHandler
                0x0000000000008808                SPI2_IRQHandler
                0x0000000000008808                OTG_HS_EP1_IN_IRQHandler
                0x0000000000008808                MemManage_Handler
                0x0000000000008808                DMA1_Stream0_IRQHandler
                0x0000000000008808                CAN1_TX_IRQHandler
                0x0000000000008808                SVC_Handler
                0x0000000000008808                FSMC_IRQHandler
                0x0000000000008808                OTG_HS_EP1_OUT_IRQHandler
                0x0000000000008808                WWDG_IRQHandler
                0x0000000000008808                TIM2_IRQHandler
                0x0000000000008808                OTG_FS_WKUP_IRQHandler
                0x0000000000008808                TIM1_TRG_COM_TIM11_IRQHandler
                0x0000000000008808                OTG_HS_IRQHandler
                0x0000000000008808                EXTI1_IRQHandler
                0x0000000000008808                USART2_IRQHandler
                0x0000000000008808                I2C2_ER_IRQHandler
                0x0000000000008808                DMA2_Stream1_IRQHandler
                0x0000000000008808                CAN1_SCE_IRQHandler
                0x0000000000008808                FLASH_IRQHandler
                0x0000000000008808                DMA2_Stream4_IRQHandler
                0x0000000000008808                BusFault_Handler
                0x0000000000008808                USART1_IRQHandler
                0x0000000000008808                SPI3_IRQHandler
                0x0000000000008808                DMA1_Stream4_IRQHandler
                0x0000000000008808                I2C1_ER_IRQHandler
                0x0000000000008808                DMA2_Stream6_IRQHandler
                0x0000000000008808                DMA1_Stream3_IRQHandler
 *fill*         0x000000000000880a        0x2 
 .text.__libc_init_array
                0x000000000000880c       0x48 c:/st/stm32cubeide_1.4.0/stm32cubeide/plugins/com.st.stm32cube.ide.mcu.externaltools.gnu-tools-for-stm32.7-2018-q2-update.win32_1.4.0.202007081208/tools/bin/../lib/gcc/arm-none-eabi/7.3.1/../../../../arm-none-eabi/lib/thumb/v7e-m/fpv4-sp/hard\libc_nano.a(lib_a-init.o)
                0x000000000000880c                __libc_init_array
 .text.memcmp   0x0000000000008854       0x1e c:/st/stm32cubeide_1.4.0/stm32cubeide/plugins/com.st.stm32cube.ide.mcu.externaltools.gnu-tools-for-stm32.7-2018-q2-update.win32_1.4.0.202007081208/tools/bin/../lib/gcc/arm-none-eabi/7.3.1/../../../../arm-none-eabi/lib/thumb/v7e-m/fpv4-sp/hard\libc_nano.a(lib_a-memcmp.o)
                0x0000000000008854                memcmp
 .text.memcpy   0x0000000000008872       0x16 c:/st/stm32cubeide_1.4.0/stm32cubeide/plugins/com.st.stm32cube.ide.mcu.externaltools.gnu-tools-for-stm32.7-2018-q2-update.win32_1.4.0.202007081208/tools/bin/../lib/gcc/arm-none-eabi/7.3.1/../../../../arm-none-eabi/lib/thumb/v7e-m/fpv4-sp/hard\libc_nano.a(lib_a-memcpy-stub.o)
                0x0000000000008872                memcpy
 .text.memmove  0x0000000000008888       0x32 c:/st/stm32cubeide_1.4.0/stm32cubeide/plugins/com.st.stm32cube.ide.mcu.externaltools.gnu-tools-for-stm32.7-2018-q2-update.win32_1.4.0.202007081208/tools/bin/../lib/gcc/arm-none-eabi/7.3.1/../../../../arm-none-eabi/lib/thumb/v7e-m/fpv4-sp/hard\libc_nano.a(lib_a-memmove.o)
                0x0000000000008888                memmove
 .text.memset   0x00000000000088ba       0x10 c:/st/stm32cubeide_1.4.0/stm32cubeide/plugins/com.st.stm32cube.ide.mcu.externaltools.gnu-tools-for-stm32.7-2018-q2-update.win32_1.4.0.202007081208/tools/bin/../lib/gcc/arm-none-eabi/7.3.1/../../../../arm-none-eabi/lib/thumb/v7e-m/fpv4-sp/hard\libc_nano.a(lib_a-memset.o)
                0x00000000000088ba                memset
 .text.strcpy   0x00000000000088ca       0x10 c:/st/stm32cubeide_1.4.0/stm32cubeide/plugins/com.st.stm32cube.ide.mcu.externaltools.gnu-tools-for-stm32.7-2018-q2-update.win32_1.4.0.202007081208/tools/bin/../lib/gcc/arm-none-eabi/7.3.1/../../../../arm-none-eabi/lib/thumb/v7e-m/fpv4-sp/hard\libc_nano.a(lib_a-strcpy.o)
                0x00000000000088ca                strcpy
 .text.strncmp  0x00000000000088da       0x24 c:/st/stm32cubeide_1.4.0/stm32cubeide/plugins/com.st.stm32cube.ide.mcu.externaltools.gnu-tools-for-stm32.7-2018-q2-update.win32_1.4.0.202007081208/tools/bin/../lib/gcc/arm-none-eabi/7.3.1/../../../../arm-none-eabi/lib/thumb/v7e-m/fpv4-sp/hard\libc_nano.a(lib_a-strncmp.o)
                0x00000000000088da                strncmp
 *(.glue_7)
 .glue_7        0x00000000000088fe        0x0 linker stubs
 *(.glue_7t)
 .glue_7t       0x00000000000088fe        0x0 linker stubs
 *(.eh_frame)
 *fill*         0x00000000000088fe        0x2 
 .eh_frame      0x0000000000008900        0x0 c:/st/stm32cubeide_1.4.0/stm32cubeide/plugins/com.st.stm32cube.ide.mcu.externaltools.gnu-tools-for-stm32.7-2018-q2-update.win32_1.4.0.202007081208/tools/bin/../lib/gcc/arm-none-eabi/7.3.1/thumb/v7e-m/fpv4-sp/hard/crtbegin.o
 *(.init)
 .init          0x0000000000008900        0x4 c:/st/stm32cubeide_1.4.0/stm32cubeide/plugins/com.st.stm32cube.ide.mcu.externaltools.gnu-tools-for-stm32.7-2018-q2-update.win32_1.4.0.202007081208/tools/bin/../lib/gcc/arm-none-eabi/7.3.1/thumb/v7e-m/fpv4-sp/hard/crti.o
                0x0000000000008900                _init
 .init          0x0000000000008904        0x8 c:/st/stm32cubeide_1.4.0/stm32cubeide/plugins/com.st.stm32cube.ide.mcu.externaltools.gnu-tools-for-stm32.7-2018-q2-update.win32_1.4.0.202007081208/tools/bin/../lib/gcc/arm-none-eabi/7.3.1/thumb/v7e-m/fpv4-sp/hard/crtn.o
 *(.fini)
 .fini          0x000000000000890c        0x4 c:/st/stm32cubeide_1.4.0/stm32cubeide/plugins/com.st.stm32cube.ide.mcu.externaltools.gnu-tools-for-stm32.7-2018-q2-update.win32_1.4.0.202007081208/tools/bin/../lib/gcc/arm-none-eabi/7.3.1/thumb/v7e-m/fpv4-sp/hard/crti.o
                0x000000000000890c                _fini
 .fini          0x0000000000008910        0x8 c:/st/stm32cubeide_1.4.0/stm32cubeide/plugins/com.st.stm32cube.ide.mcu.externaltools.gnu-tools-for-stm32.7-2018-q2-update.win32_1.4.0.202007081208/tools/bin/../lib/gcc/arm-none-eabi/7.3.1/thumb/v7e-m/fpv4-sp/hard/crtn.o
                0x0000000000008918                . = ALIGN (0x4)
                0x0000000000008918                _etext = .

.vfp11_veneer   0x0000000000008918        0x0
 .vfp11_veneer  0x0000000000008918        0x0 linker stubs

.v4_bx          0x0000000000008918        0x0
 .v4_bx         0x0000000000008918        0x0 linker stubs

.iplt           0x0000000000008918        0x0
 .iplt          0x0000000000008918        0x0 c:/st/stm32cubeide_1.4.0/stm32cubeide/plugins/com.st.stm32cube.ide.mcu.externaltools.gnu-tools-for-stm32.7-2018-q2-update.win32_1.4.0.202007081208/tools/bin/../lib/gcc/arm-none-eabi/7.3.1/thumb/v7e-m/fpv4-sp/hard/crtbegin.o

.rodata         0x0000000000008918      0x8a0
                0x0000000000008918                . = ALIGN (0x4)
 *(.rodata)
 *(.rodata*)
 .rodata.CSWTCH.479
                0x0000000000008918       0x84 build/main.o
 .rodata.CSWTCH.481
                0x000000000000899c       0x80 build/main.o
 .rodata.CSWTCH.537
                0x0000000000008a1c       0x18 build/main.o
 .rodata.CSWTCH.538
                0x0000000000008a34       0x18 build/main.o
 .rodata.CSWTCH.539
                0x0000000000008a4c       0x18 build/main.o
 .rodata.ar4x_mode
                0x0000000000008a64       0x10 build/main.o
 .rodata.auto_boot.str1.4
                0x0000000000008a74       0x2c build/main.o
 .rodata.c64_send_command.str1.4
                0x0000000000008aa0        0x9 build/main.o
 *fill*         0x0000000000008aa9        0x3 
 .rodata.c64_send_text.str1.4
                0x0000000000008aac        0x5 build/main.o
 *fill*         0x0000000000008ab1        0x3 
 .rodata.config_desc
                0x0000000000008ab4       0x4b build/main.o
 *fill*         0x0000000000008aff        0x1 
 .rodata.crt_banks
                0x0000000000008b00      0x100 build/main.o
 .rodata.crt_ram_banks
                0x0000000000008c00       0x10 build/main.o
 .rodata.d64_select.str1.4
                0x0000000000008c10       0x42 build/main.o
 *fill*         0x0000000000008c52        0x2 
 .rodata.d64_send_page.str1.4
                0x0000000000008c54       0x36 build/main.o
 *fill*         0x0000000000008c8a        0x2 
 .rodata.d64_track_offset
                0x0000000000008c8c       0x54 build/main.o
 .rodata.d64_types
                0x0000000000008ce0       0x20 build/main.o
 .rodata.device_desc
                0x0000000000008d00       0x12 build/main.o
 *fill*         0x0000000000008d12        0x2 
 .rodata.dtable
                0x0000000000008d14        0xc build/main.o
 .rodata.ef_mode
                0x0000000000008d20       0x20 build/main.o
 .rodata.fc3_mode
                0x0000000000008d40       0x20 build/main.o
 .rodata.handle_dir_up_command.str1.4
                0x0000000000008d60        0x7 build/main.o
 *fill*         0x0000000000008d67        0x1 
 .rodata.handle_failed_to_read_sd.str1.4
                0x0000000000008d68       0x1c build/main.o
 .rodata.handle_file_options.str1.4
                0x0000000000008d84       0x1f build/main.o
 *fill*         0x0000000000008da3        0x1 
 .rodata.handle_select_command.str1.4
                0x0000000000008da4      0x148 build/main.o
 .rodata.handle_unsupported_ex.str1.4
                0x0000000000008eec        0x3 build/main.o
 *fill*         0x0000000000008eef        0x1 
 .rodata.hex    0x0000000000008ef0       0x11 build/main.o
 *fill*         0x0000000000008f01        0x3 
 .rodata.kcs_mode
                0x0000000000008f04       0x10 build/main.o
 .rodata.lang_desc
                0x0000000000008f14        0x4 build/main.o
 .rodata.main.str1.4
                0x0000000000008f18       0x9e build/main.o
 *fill*         0x0000000000008fb6        0x2 
 .rodata.manuf_desc_en
                0x0000000000008fb8        0xa build/main.o
 *fill*         0x0000000000008fc2        0x2 
 .rodata.prod_desc_en
                0x0000000000008fc4       0x1e build/main.o
 *fill*         0x0000000000008fe2        0x2 
 .rodata.sd_send_page.str1.4
                0x0000000000008fe4       0x15 build/main.o
 *fill*         0x0000000000008ff9        0x3 
 .rodata.settings_basic_change.str1.4
                0x0000000000008ffc       0x24 build/main.o
 .rodata.settings_save.str1.4
                0x0000000000009020       0x18 build/main.o
 .rodata.ss5_mode
                0x0000000000009038       0x20 build/main.o
 .rodata.str1.4
                0x0000000000009058       0x80 build/main.o
 .rodata.system_restart.str1.4
                0x00000000000090d8       0x80 build/main.o
                                          0x1 (size before relaxing)
 .rodata.usbd_otgfs
                0x00000000000090d8       0x34 build/main.o
                0x00000000000090d8                usbd_otgfs
 .rodata.ExCvt  0x000000000000910c       0x80 build/ff.o
 .rodata.LfnOfs
                0x000000000000918c        0xd build/ff.o
 *fill*         0x0000000000009199        0x3 
 .rodata.check_fs.str1.4
                0x000000000000919c        0x6 build/ff.o
 *fill*         0x00000000000091a2        0x2 
 .rodata.follow_path.str1.4
                0x00000000000091a4       0x14 build/ff.o
                                         0x13 (size before relaxing)
                0x00000000000091b8                . = ALIGN (0x4)

.rel.dyn        0x00000000000091b8        0x0
 .rel.iplt      0x00000000000091b8        0x0 c:/st/stm32cubeide_1.4.0/stm32cubeide/plugins/com.st.stm32cube.ide.mcu.externaltools.gnu-tools-for-stm32.7-2018-q2-update.win32_1.4.0.202007081208/tools/bin/../lib/gcc/arm-none-eabi/7.3.1/thumb/v7e-m/fpv4-sp/hard/crtbegin.o

.ARM.extab
 *(.ARM.extab* .gnu.linkonce.armextab.*)

.ARM            0x00000000000091b8        0x0
                0x00000000000091b8                __exidx_start = .
 *(.ARM.exidx*)
                0x00000000000091b8                __exidx_end = .

.preinit_array  0x00000000000091b8        0x0
                0x00000000000091b8                PROVIDE (__preinit_array_start = .)
 *(.preinit_array*)
                0x00000000000091b8                PROVIDE (__preinit_array_end = .)

.init_array     0x00000000000091b8        0x4
                0x00000000000091b8                PROVIDE (__init_array_start = .)
 *(SORT_BY_NAME(.init_array.*))
 *(.init_array*)
 .init_array    0x00000000000091b8        0x4 c:/st/stm32cubeide_1.4.0/stm32cubeide/plugins/com.st.stm32cube.ide.mcu.externaltools.gnu-tools-for-stm32.7-2018-q2-update.win32_1.4.0.202007081208/tools/bin/../lib/gcc/arm-none-eabi/7.3.1/thumb/v7e-m/fpv4-sp/hard/crtbegin.o
                0x00000000000091bc                PROVIDE (__init_array_end = .)

.fini_array     0x00000000000091bc        0x4
                [!provide]                        PROVIDE (__fini_array_start = .)
 *(SORT_BY_NAME(.fini_array.*))
 *(.fini_array*)
 .fini_array    0x00000000000091bc        0x4 c:/st/stm32cubeide_1.4.0/stm32cubeide/plugins/com.st.stm32cube.ide.mcu.externaltools.gnu-tools-for-stm32.7-2018-q2-update.win32_1.4.0.202007081208/tools/bin/../lib/gcc/arm-none-eabi/7.3.1/thumb/v7e-m/fpv4-sp/hard/crtbegin.o
                [!provide]                        PROVIDE (__fini_array_end = .)
                0x00000000000091c0                _sidata = LOADADDR (.data)

.data           0x0000000010000000        0xc load address 0x00000000000091c0
                0x0000000010000000                . = ALIGN (0x4)
                0x0000000010000000                _sdata = .
 *(.data)
 *(.data*)
 .data.cdc_line
                0x0000000010000000        0x7 build/main.o
 .data.dstatus  0x0000000010000007        0x1 build/main.o
 .data.ef3_usb_tx_rdy
                0x0000000010000008        0x1 build/main.o
                0x000000001000000c                . = ALIGN (0x4)
 *fill*         0x0000000010000009        0x3 
                0x000000001000000c                _edata = .

.igot.plt       0x000000001000000c        0x0 load address 0x00000000000091cc
 .igot.plt      0x000000001000000c        0x0 c:/st/stm32cubeide_1.4.0/stm32cubeide/plugins/com.st.stm32cube.ide.mcu.externaltools.gnu-tools-for-stm32.7-2018-q2-update.win32_1.4.0.202007081208/tools/bin/../lib/gcc/arm-none-eabi/7.3.1/thumb/v7e-m/fpv4-sp/hard/crtbegin.o

.sram           0x000000002000c000    0x14000
                0x000000002000c000                . = ALIGN (0x4)
                0x000000002000c000                _ssram = .
 *(.sram)
 .sram          0x000000002000c000    0x14000 build/main.o
                0x000000002000c000                dat_buffer
 *(.sram*)
                0x0000000020020000                . = ALIGN (0x4)
                0x0000000020020000                _esram = .
                0x0000000020020000                . = ALIGN (0x4)

.bss            0x000000001000000c     0x5184
                0x000000001000000c                _sbss = .
                0x000000001000000c                __bss_start__ = _sbss
 *(.bss)
 .bss           0x000000001000000c       0x1c c:/st/stm32cubeide_1.4.0/stm32cubeide/plugins/com.st.stm32cube.ide.mcu.externaltools.gnu-tools-for-stm32.7-2018-q2-update.win32_1.4.0.202007081208/tools/bin/../lib/gcc/arm-none-eabi/7.3.1/thumb/v7e-m/fpv4-sp/hard/crtbegin.o
 *(.bss*)
 .bss.card_info
                0x0000000010000028       0x24 build/main.o
 .bss.card_rca  0x000000001000004c        0x2 build/main.o
 .bss.card_type
                0x000000001000004e        0x1 build/main.o
 *fill*         0x000000001000004f        0x1 
 .bss.cnt       0x0000000010000050        0x4 build/main.o
 .bss.crt_ptr   0x0000000010000054        0x4 build/main.o
 .bss.crt_ram_buf
                0x0000000010000058     0x4000 build/main.o
 .bss.crt_rom_ptr
                0x0000000010004058        0x4 build/main.o
 .bss.d64_state
                0x000000001000405c      0x34c build/main.o
 .bss.ef3_usb_rx_data
                0x00000000100043a8        0x1 build/main.o
 .bss.ef3_usb_rx_rdy
                0x00000000100043a9        0x1 build/main.o
 .bss.ef3_usb_tx_data
                0x00000000100043aa        0x1 build/main.o
 *fill*         0x00000000100043ab        0x1 
 .bss.epyx_cycles
                0x00000000100043ac        0x2 build/main.o
 .bss.fc3_register
                0x00000000100043ae        0x2 build/main.o
 .bss.freezer_button
                0x00000000100043b0        0x1 build/main.o
 .bss.freezer_state
                0x00000000100043b1        0x1 build/main.o
 *fill*         0x00000000100043b2        0x2 
 .bss.fs        0x00000000100043b4      0x238 build/main.o
 .bss.kcs_register
                0x00000000100045ec        0x1 build/main.o
 *fill*         0x00000000100045ed        0x3 
 .bss.menu_state
                0x00000000100045f0        0x4 build/main.o
 .bss.options_state
                0x00000000100045f4       0x20 build/main.o
 .bss.sd_state  0x0000000010004614       0x7c build/main.o
 .bss.settings_flags
                0x0000000010004690        0x1 build/main.o
 *fill*         0x0000000010004691        0x3 
 .bss.tmpbuf    0x0000000010004694        0x4 build/main.o
 .bss.ubuf      0x0000000010004698       0x80 build/main.o
 .bss.udev      0x0000000010004718       0x64 build/main.o
 .bss.urx_fifo  0x000000001000477c      0x200 build/main.o
 .bss.urx_pos   0x000000001000497c        0x4 build/main.o
 .bss.utx_fifo  0x0000000010004980      0x200 build/main.o
 .bss.utx_pos   0x0000000010004b80        0x4 build/main.o
 .bss.CurrVol   0x0000000010004b84        0x1 build/ff.o
 *fill*         0x0000000010004b85        0x3 
 .bss.FatFs     0x0000000010004b88        0x4 build/ff.o
 .bss.Fsid      0x0000000010004b8c        0x2 build/ff.o
 *fill*         0x0000000010004b8e        0x2 
 .bss.LfnBuf    0x0000000010004b90      0x200 build/ff.o
 *(COMMON)
 COMMON         0x0000000010004d90      0x400 build/main.o
                0x0000000010004d90                dat_file
                0x0000000010005190                . = ALIGN (0x4)
                0x0000000010005190                _ebss = .
                0x0000000010005190                __bss_end__ = _ebss

._user_heap_stack
                0x0000000010005190     0x6000
                0x0000000010005190                . = ALIGN (0x8)
                [!provide]                        PROVIDE (end = .)
                [!provide]                        PROVIDE (_end = .)
                0x0000000010007190                . = (. + _Min_Heap_Size)
 *fill*         0x0000000010005190     0x2000 
                0x000000001000b190                . = (. + _Min_Stack_Size)
 *fill*         0x0000000010007190     0x4000 
                0x000000001000b190                . = ALIGN (0x8)

/DISCARD/
 libc.a(*)
 libm.a(*)
 libgcc.a(*)

.ARM.attributes
                0x0000000000000000       0x30
 *(.ARM.attributes)
 .ARM.attributes
                0x0000000000000000       0x22 c:/st/stm32cubeide_1.4.0/stm32cubeide/plugins/com.st.stm32cube.ide.mcu.externaltools.gnu-tools-for-stm32.7-2018-q2-update.win32_1.4.0.202007081208/tools/bin/../lib/gcc/arm-none-eabi/7.3.1/thumb/v7e-m/fpv4-sp/hard/crti.o
 .ARM.attributes
                0x0000000000000022       0x34 c:/st/stm32cubeide_1.4.0/stm32cubeide/plugins/com.st.stm32cube.ide.mcu.externaltools.gnu-tools-for-stm32.7-2018-q2-update.win32_1.4.0.202007081208/tools/bin/../lib/gcc/arm-none-eabi/7.3.1/thumb/v7e-m/fpv4-sp/hard/crtbegin.o
 .ARM.attributes
                0x0000000000000056       0x39 build/main.o
 .ARM.attributes
                0x000000000000008f       0x39 build/ff.o
 .ARM.attributes
                0x00000000000000c8       0x39 build/ffunicode.o
 .ARM.attributes
                0x0000000000000101       0x21 build/startup_stm32f405xx.o
 .ARM.attributes
                0x0000000000000122       0x34 c:/st/stm32cubeide_1.4.0/stm32cubeide/plugins/com.st.stm32cube.ide.mcu.externaltools.gnu-tools-for-stm32.7-2018-q2-update.win32_1.4.0.202007081208/tools/bin/../lib/gcc/arm-none-eabi/7.3.1/../../../../arm-none-eabi/lib/thumb/v7e-m/fpv4-sp/hard\libc_nano.a(lib_a-init.o)
 .ARM.attributes
                0x0000000000000156       0x34 c:/st/stm32cubeide_1.4.0/stm32cubeide/plugins/com.st.stm32cube.ide.mcu.externaltools.gnu-tools-for-stm32.7-2018-q2-update.win32_1.4.0.202007081208/tools/bin/../lib/gcc/arm-none-eabi/7.3.1/../../../../arm-none-eabi/lib/thumb/v7e-m/fpv4-sp/hard\libc_nano.a(lib_a-memcmp.o)
 .ARM.attributes
                0x000000000000018a       0x34 c:/st/stm32cubeide_1.4.0/stm32cubeide/plugins/com.st.stm32cube.ide.mcu.externaltools.gnu-tools-for-stm32.7-2018-q2-update.win32_1.4.0.202007081208/tools/bin/../lib/gcc/arm-none-eabi/7.3.1/../../../../arm-none-eabi/lib/thumb/v7e-m/fpv4-sp/hard\libc_nano.a(lib_a-memcpy-stub.o)
 .ARM.attributes
                0x00000000000001be       0x34 c:/st/stm32cubeide_1.4.0/stm32cubeide/plugins/com.st.stm32cube.ide.mcu.externaltools.gnu-tools-for-stm32.7-2018-q2-update.win32_1.4.0.202007081208/tools/bin/../lib/gcc/arm-none-eabi/7.3.1/../../../../arm-none-eabi/lib/thumb/v7e-m/fpv4-sp/hard\libc_nano.a(lib_a-memmove.o)
 .ARM.attributes
                0x00000000000001f2       0x34 c:/st/stm32cubeide_1.4.0/stm32cubeide/plugins/com.st.stm32cube.ide.mcu.externaltools.gnu-tools-for-stm32.7-2018-q2-update.win32_1.4.0.202007081208/tools/bin/../lib/gcc/arm-none-eabi/7.3.1/../../../../arm-none-eabi/lib/thumb/v7e-m/fpv4-sp/hard\libc_nano.a(lib_a-memset.o)
 .ARM.attributes
                0x0000000000000226       0x20 c:/st/stm32cubeide_1.4.0/stm32cubeide/plugins/com.st.stm32cube.ide.mcu.externaltools.gnu-tools-for-stm32.7-2018-q2-update.win32_1.4.0.202007081208/tools/bin/../lib/gcc/arm-none-eabi/7.3.1/../../../../arm-none-eabi/lib/thumb/v7e-m/fpv4-sp/hard\libc_nano.a(lib_a-strcmp.o)
 .ARM.attributes
                0x0000000000000246       0x34 c:/st/stm32cubeide_1.4.0/stm32cubeide/plugins/com.st.stm32cube.ide.mcu.externaltools.gnu-tools-for-stm32.7-2018-q2-update.win32_1.4.0.202007081208/tools/bin/../lib/gcc/arm-none-eabi/7.3.1/../../../../arm-none-eabi/lib/thumb/v7e-m/fpv4-sp/hard\libc_nano.a(lib_a-strcpy.o)
 .ARM.attributes
                0x000000000000027a       0x34 c:/st/stm32cubeide_1.4.0/stm32cubeide/plugins/com.st.stm32cube.ide.mcu.externaltools.gnu-tools-for-stm32.7-2018-q2-update.win32_1.4.0.202007081208/tools/bin/../lib/gcc/arm-none-eabi/7.3.1/../../../../arm-none-eabi/lib/thumb/v7e-m/fpv4-sp/hard\libc_nano.a(lib_a-strncmp.o)
 .ARM.attributes
                0x00000000000002ae       0x22 c:/st/stm32cubeide_1.4.0/stm32cubeide/plugins/com.st.stm32cube.ide.mcu.externaltools.gnu-tools-for-stm32.7-2018-q2-update.win32_1.4.0.202007081208/tools/bin/../lib/gcc/arm-none-eabi/7.3.1/thumb/v7e-m/fpv4-sp/hard/crtn.o
OUTPUT(build/KungFuFlash_v1.xx.elf elf32-littlearm)

.comment        0x0000000000000000       0x7b
 .comment       0x0000000000000000       0x7b build/main.o
                                         0x7c (size before relaxing)
 .comment       0x000000000000007b       0x7c build/ff.o
 .comment       0x000000000000007b       0x7c build/ffunicode.o

.debug_frame    0x0000000000000000      0x130
 .debug_frame   0x0000000000000000       0x2c c:/st/stm32cubeide_1.4.0/stm32cubeide/plugins/com.st.stm32cube.ide.mcu.externaltools.gnu-tools-for-stm32.7-2018-q2-update.win32_1.4.0.202007081208/tools/bin/../lib/gcc/arm-none-eabi/7.3.1/../../../../arm-none-eabi/lib/thumb/v7e-m/fpv4-sp/hard\libc_nano.a(lib_a-init.o)
 .debug_frame   0x000000000000002c       0x2c c:/st/stm32cubeide_1.4.0/stm32cubeide/plugins/com.st.stm32cube.ide.mcu.externaltools.gnu-tools-for-stm32.7-2018-q2-update.win32_1.4.0.202007081208/tools/bin/../lib/gcc/arm-none-eabi/7.3.1/../../../../arm-none-eabi/lib/thumb/v7e-m/fpv4-sp/hard\libc_nano.a(lib_a-memcmp.o)
 .debug_frame   0x0000000000000058       0x28 c:/st/stm32cubeide_1.4.0/stm32cubeide/plugins/com.st.stm32cube.ide.mcu.externaltools.gnu-tools-for-stm32.7-2018-q2-update.win32_1.4.0.202007081208/tools/bin/../lib/gcc/arm-none-eabi/7.3.1/../../../../arm-none-eabi/lib/thumb/v7e-m/fpv4-sp/hard\libc_nano.a(lib_a-memcpy-stub.o)
 .debug_frame   0x0000000000000080       0x28 c:/st/stm32cubeide_1.4.0/stm32cubeide/plugins/com.st.stm32cube.ide.mcu.externaltools.gnu-tools-for-stm32.7-2018-q2-update.win32_1.4.0.202007081208/tools/bin/../lib/gcc/arm-none-eabi/7.3.1/../../../../arm-none-eabi/lib/thumb/v7e-m/fpv4-sp/hard\libc_nano.a(lib_a-memmove.o)
 .debug_frame   0x00000000000000a8       0x20 c:/st/stm32cubeide_1.4.0/stm32cubeide/plugins/com.st.stm32cube.ide.mcu.externaltools.gnu-tools-for-stm32.7-2018-q2-update.win32_1.4.0.202007081208/tools/bin/../lib/gcc/arm-none-eabi/7.3.1/../../../../arm-none-eabi/lib/thumb/v7e-m/fpv4-sp/hard\libc_nano.a(lib_a-memset.o)
 .debug_frame   0x00000000000000c8       0x20 c:/st/stm32cubeide_1.4.0/stm32cubeide/plugins/com.st.stm32cube.ide.mcu.externaltools.gnu-tools-for-stm32.7-2018-q2-update.win32_1.4.0.202007081208/tools/bin/../lib/gcc/arm-none-eabi/7.3.1/../../../../arm-none-eabi/lib/thumb/v7e-m/fpv4-sp/hard\libc_nano.a(lib_a-strcmp.o)
 .debug_frame   0x00000000000000e8       0x20 c:/st/stm32cubeide_1.4.0/stm32cubeide/plugins/com.st.stm32cube.ide.mcu.externaltools.gnu-tools-for-stm32.7-2018-q2-update.win32_1.4.0.202007081208/tools/bin/../lib/gcc/arm-none-eabi/7.3.1/../../../../arm-none-eabi/lib/thumb/v7e-m/fpv4-sp/hard\libc_nano.a(lib_a-strcpy.o)
 .debug_frame   0x0000000000000108       0x28 c:/st/stm32cubeide_1.4.0/stm32cubeide/plugins/com.st.stm32cube.ide.mcu.externaltools.gnu-tools-for-stm32.7-2018-q2-update.win32_1.4.0.202007081208/tools/bin/../lib/gcc/arm-none-eabi/7.3.1/../../../../arm-none-eabi/lib/thumb/v7e-m/fpv4-sp/hard\libc_nano.a(lib_a-strncmp.o)

Cross Reference Table

Symbol                                            File
ADC_IRQHandler                                    build/startup_stm32f405xx.o
AHBPrescTable                                     build/main.o
APBPrescTable                                     build/main.o
BusFault_Handler                                  build/startup_stm32f405xx.o
CAN1_RX0_IRQHandler                               build/startup_stm32f405xx.o
CAN1_RX1_IRQHandler                               build/startup_stm32f405xx.o
CAN1_SCE_IRQHandler                               build/startup_stm32f405xx.o
CAN1_TX_IRQHandler                                build/startup_stm32f405xx.o
CAN2_RX0_IRQHandler                               build/startup_stm32f405xx.o
CAN2_RX1_IRQHandler                               build/startup_stm32f405xx.o
CAN2_SCE_IRQHandler                               build/startup_stm32f405xx.o
CAN2_TX_IRQHandler                                build/startup_stm32f405xx.o
DMA1_Stream0_IRQHandler                           build/startup_stm32f405xx.o
DMA1_Stream1_IRQHandler                           build/startup_stm32f405xx.o
DMA1_Stream2_IRQHandler                           build/startup_stm32f405xx.o
DMA1_Stream3_IRQHandler                           build/startup_stm32f405xx.o
DMA1_Stream4_IRQHandler                           build/startup_stm32f405xx.o
DMA1_Stream5_IRQHandler                           build/startup_stm32f405xx.o
DMA1_Stream6_IRQHandler                           build/startup_stm32f405xx.o
DMA1_Stream7_IRQHandler                           build/startup_stm32f405xx.o
DMA2_Stream0_IRQHandler                           build/startup_stm32f405xx.o
DMA2_Stream1_IRQHandler                           build/startup_stm32f405xx.o
DMA2_Stream2_IRQHandler                           build/startup_stm32f405xx.o
DMA2_Stream3_IRQHandler                           build/startup_stm32f405xx.o
DMA2_Stream4_IRQHandler                           build/startup_stm32f405xx.o
DMA2_Stream5_IRQHandler                           build/startup_stm32f405xx.o
DMA2_Stream6_IRQHandler                           build/startup_stm32f405xx.o
DMA2_Stream7_IRQHandler                           build/startup_stm32f405xx.o
DebugMon_Handler                                  build/startup_stm32f405xx.o
Default_Handler                                   build/startup_stm32f405xx.o
EXTI0_IRQHandler                                  build/startup_stm32f405xx.o
EXTI15_10_IRQHandler                              build/startup_stm32f405xx.o
EXTI1_IRQHandler                                  build/startup_stm32f405xx.o
EXTI2_IRQHandler                                  build/startup_stm32f405xx.o
EXTI3_IRQHandler                                  build/startup_stm32f405xx.o
EXTI4_IRQHandler                                  build/main.o
EXTI9_5_IRQHandler                                build/startup_stm32f405xx.o
FLASH_IRQHandler                                  build/startup_stm32f405xx.o
FPU_IRQHandler                                    build/startup_stm32f405xx.o
FSMC_IRQHandler                                   build/startup_stm32f405xx.o
HASH_RNG_IRQHandler                               build/startup_stm32f405xx.o
HardFault_Handler                                 build/startup_stm32f405xx.o
I2C1_ER_IRQHandler                                build/startup_stm32f405xx.o
I2C1_EV_IRQHandler                                build/startup_stm32f405xx.o
I2C2_ER_IRQHandler                                build/startup_stm32f405xx.o
I2C2_EV_IRQHandler                                build/startup_stm32f405xx.o
I2C3_ER_IRQHandler                                build/startup_stm32f405xx.o
I2C3_EV_IRQHandler                                build/startup_stm32f405xx.o
MemManage_Handler                                 build/startup_stm32f405xx.o
NMI_Handler                                       build/startup_stm32f405xx.o
OTG                                               build/main.o
OTGD                                              build/main.o
OTGPCTL                                           build/main.o
OTG_FS_IRQHandler                                 build/main.o
OTG_FS_WKUP_IRQHandler                            build/startup_stm32f405xx.o
OTG_HS_EP1_IN_IRQHandler                          build/startup_stm32f405xx.o
OTG_HS_EP1_OUT_IRQHandler                         build/startup_stm32f405xx.o
OTG_HS_IRQHandler                                 build/startup_stm32f405xx.o
OTG_HS_WKUP_IRQHandler                            build/startup_stm32f405xx.o
PVD_IRQHandler                                    build/startup_stm32f405xx.o
PendSV_Handler                                    build/startup_stm32f405xx.o
RCC_IRQHandler                                    build/startup_stm32f405xx.o
RTC_Alarm_IRQHandler                              build/startup_stm32f405xx.o
RTC_WKUP_IRQHandler                               build/startup_stm32f405xx.o
Reset_Handler                                     build/startup_stm32f405xx.o
SDIO_IRQHandler                                   build/startup_stm32f405xx.o
SPI1_IRQHandler                                   build/startup_stm32f405xx.o
SPI2_IRQHandler                                   build/startup_stm32f405xx.o
SPI3_IRQHandler                                   build/startup_stm32f405xx.o
SVC_Handler                                       build/startup_stm32f405xx.o
SysTick_Handler                                   build/startup_stm32f405xx.o
SystemCoreClock                                   build/main.o
SystemCoreClockUpdate                             build/main.o
SystemInit                                        build/main.o
                                                  build/startup_stm32f405xx.o
TAMP_STAMP_IRQHandler                             build/startup_stm32f405xx.o
TIM1_BRK_TIM9_IRQHandler                          build/startup_stm32f405xx.o
TIM1_CC_IRQHandler                                build/startup_stm32f405xx.o
TIM1_TRG_COM_TIM11_IRQHandler                     build/startup_stm32f405xx.o
TIM1_UP_TIM10_IRQHandler                          build/startup_stm32f405xx.o
TIM2_IRQHandler                                   build/startup_stm32f405xx.o
TIM3_IRQHandler                                   build/startup_stm32f405xx.o
TIM4_IRQHandler                                   build/startup_stm32f405xx.o
TIM5_IRQHandler                                   build/startup_stm32f405xx.o
TIM6_DAC_IRQHandler                               build/startup_stm32f405xx.o
TIM7_IRQHandler                                   build/startup_stm32f405xx.o
TIM8_BRK_TIM12_IRQHandler                         build/startup_stm32f405xx.o
TIM8_CC_IRQHandler                                build/startup_stm32f405xx.o
TIM8_TRG_COM_TIM14_IRQHandler                     build/startup_stm32f405xx.o
TIM8_UP_TIM13_IRQHandler                          build/startup_stm32f405xx.o
UART4_IRQHandler                                  build/startup_stm32f405xx.o
UART5_IRQHandler                                  build/startup_stm32f405xx.o
USART1_IRQHandler                                 build/startup_stm32f405xx.o
USART2_IRQHandler                                 build/startup_stm32f405xx.o
USART3_IRQHandler                                 build/startup_stm32f405xx.o
USART6_IRQHandler                                 build/startup_stm32f405xx.o
UsageFault_Handler                                build/startup_stm32f405xx.o
WWDG_IRQHandler                                   build/startup_stm32f405xx.o
__bss_end__                                       c:/st/stm32cubeide_1.4.0/stm32cubeide/plugins/com.st.stm32cube.ide.mcu.externaltools.gnu-tools-for-stm32.7-2018-q2-update.win32_1.4.0.202007081208/tools/bin/../lib/gcc/arm-none-eabi/7.3.1/../../../../arm-none-eabi/lib/thumb/v7e-m/fpv4-sp/hard/crt0.o
__bss_start__                                     c:/st/stm32cubeide_1.4.0/stm32cubeide/plugins/com.st.stm32cube.ide.mcu.externaltools.gnu-tools-for-stm32.7-2018-q2-update.win32_1.4.0.202007081208/tools/bin/../lib/gcc/arm-none-eabi/7.3.1/../../../../arm-none-eabi/lib/thumb/v7e-m/fpv4-sp/hard/crt0.o
__call_exitprocs                                  c:/st/stm32cubeide_1.4.0/stm32cubeide/plugins/com.st.stm32cube.ide.mcu.externaltools.gnu-tools-for-stm32.7-2018-q2-update.win32_1.4.0.202007081208/tools/bin/../lib/gcc/arm-none-eabi/7.3.1/../../../../arm-none-eabi/lib/thumb/v7e-m/fpv4-sp/hard\libc_nano.a(lib_a-exit.o)
__deregister_frame_info                           c:/st/stm32cubeide_1.4.0/stm32cubeide/plugins/com.st.stm32cube.ide.mcu.externaltools.gnu-tools-for-stm32.7-2018-q2-update.win32_1.4.0.202007081208/tools/bin/../lib/gcc/arm-none-eabi/7.3.1/thumb/v7e-m/fpv4-sp/hard/crtbegin.o
__dso_handle                                      c:/st/stm32cubeide_1.4.0/stm32cubeide/plugins/com.st.stm32cube.ide.mcu.externaltools.gnu-tools-for-stm32.7-2018-q2-update.win32_1.4.0.202007081208/tools/bin/../lib/gcc/arm-none-eabi/7.3.1/thumb/v7e-m/fpv4-sp/hard/crtbegin.o
__init_array_end                                  c:/st/stm32cubeide_1.4.0/stm32cubeide/plugins/com.st.stm32cube.ide.mcu.externaltools.gnu-tools-for-stm32.7-2018-q2-update.win32_1.4.0.202007081208/tools/bin/../lib/gcc/arm-none-eabi/7.3.1/../../../../arm-none-eabi/lib/thumb/v7e-m/fpv4-sp/hard\libc_nano.a(lib_a-init.o)
__init_array_start                                c:/st/stm32cubeide_1.4.0/stm32cubeide/plugins/com.st.stm32cube.ide.mcu.externaltools.gnu-tools-for-stm32.7-2018-q2-update.win32_1.4.0.202007081208/tools/bin/../lib/gcc/arm-none-eabi/7.3.1/../../../../arm-none-eabi/lib/thumb/v7e-m/fpv4-sp/hard\libc_nano.a(lib_a-init.o)
__libc_fini_array                                 c:/st/stm32cubeide_1.4.0/stm32cubeide/plugins/com.st.stm32cube.ide.mcu.externaltools.gnu-tools-for-stm32.7-2018-q2-update.win32_1.4.0.202007081208/tools/bin/../lib/gcc/arm-none-eabi/7.3.1/../../../../arm-none-eabi/lib/thumb/v7e-m/fpv4-sp/hard/crt0.o
__libc_init_array                                 c:/st/stm32cubeide_1.4.0/stm32cubeide/plugins/com.st.stm32cube.ide.mcu.externaltools.gnu-tools-for-stm32.7-2018-q2-update.win32_1.4.0.202007081208/tools/bin/../lib/gcc/arm-none-eabi/7.3.1/../../../../arm-none-eabi/lib/thumb/v7e-m/fpv4-sp/hard\libc_nano.a(lib_a-init.o)
                                                  build/startup_stm32f405xx.o
                                                  c:/st/stm32cubeide_1.4.0/stm32cubeide/plugins/com.st.stm32cube.ide.mcu.externaltools.gnu-tools-for-stm32.7-2018-q2-update.win32_1.4.0.202007081208/tools/bin/../lib/gcc/arm-none-eabi/7.3.1/../../../../arm-none-eabi/lib/thumb/v7e-m/fpv4-sp/hard/crt0.o
__preinit_array_end                               c:/st/stm32cubeide_1.4.0/stm32cubeide/plugins/com.st.stm32cube.ide.mcu.externaltools.gnu-tools-for-stm32.7-2018-q2-update.win32_1.4.0.202007081208/tools/bin/../lib/gcc/arm-none-eabi/7.3.1/../../../../arm-none-eabi/lib/thumb/v7e-m/fpv4-sp/hard\libc_nano.a(lib_a-init.o)
__preinit_array_start                             c:/st/stm32cubeide_1.4.0/stm32cubeide/plugins/com.st.stm32cube.ide.mcu.externaltools.gnu-tools-for-stm32.7-2018-q2-update.win32_1.4.0.202007081208/tools/bin/../lib/gcc/arm-none-eabi/7.3.1/../../../../arm-none-eabi/lib/thumb/v7e-m/fpv4-sp/hard\libc_nano.a(lib_a-init.o)
__register_frame_info                             c:/st/stm32cubeide_1.4.0/stm32cubeide/plugins/com.st.stm32cube.ide.mcu.externaltools.gnu-tools-for-stm32.7-2018-q2-update.win32_1.4.0.202007081208/tools/bin/../lib/gcc/arm-none-eabi/7.3.1/thumb/v7e-m/fpv4-sp/hard/crtbegin.o
__sf_fake_stderr                                  c:/st/stm32cubeide_1.4.0/stm32cubeide/plugins/com.st.stm32cube.ide.mcu.externaltools.gnu-tools-for-stm32.7-2018-q2-update.win32_1.4.0.202007081208/tools/bin/../lib/gcc/arm-none-eabi/7.3.1/../../../../arm-none-eabi/lib/thumb/v7e-m/fpv4-sp/hard\libc_nano.a(lib_a-impure.o)
__sf_fake_stdin                                   c:/st/stm32cubeide_1.4.0/stm32cubeide/plugins/com.st.stm32cube.ide.mcu.externaltools.gnu-tools-for-stm32.7-2018-q2-update.win32_1.4.0.202007081208/tools/bin/../lib/gcc/arm-none-eabi/7.3.1/../../../../arm-none-eabi/lib/thumb/v7e-m/fpv4-sp/hard\libc_nano.a(lib_a-impure.o)
__sf_fake_stdout                                  c:/st/stm32cubeide_1.4.0/stm32cubeide/plugins/com.st.stm32cube.ide.mcu.externaltools.gnu-tools-for-stm32.7-2018-q2-update.win32_1.4.0.202007081208/tools/bin/../lib/gcc/arm-none-eabi/7.3.1/../../../../arm-none-eabi/lib/thumb/v7e-m/fpv4-sp/hard\libc_nano.a(lib_a-impure.o)
__stack                                           c:/st/stm32cubeide_1.4.0/stm32cubeide/plugins/com.st.stm32cube.ide.mcu.externaltools.gnu-tools-for-stm32.7-2018-q2-update.win32_1.4.0.202007081208/tools/bin/../lib/gcc/arm-none-eabi/7.3.1/../../../../arm-none-eabi/lib/thumb/v7e-m/fpv4-sp/hard/crt0.o
_ebss                                             build/startup_stm32f405xx.o
_edata                                            build/startup_stm32f405xx.o
_estack                                           build/startup_stm32f405xx.o
_exit                                             c:/st/stm32cubeide_1.4.0/stm32cubeide/plugins/com.st.stm32cube.ide.mcu.externaltools.gnu-tools-for-stm32.7-2018-q2-update.win32_1.4.0.202007081208/tools/bin/../lib/gcc/arm-none-eabi/7.3.1/../../../../arm-none-eabi/lib/thumb/v7e-m/fpv4-sp/hard\libnosys.a(_exit.o)
                                                  c:/st/stm32cubeide_1.4.0/stm32cubeide/plugins/com.st.stm32cube.ide.mcu.externaltools.gnu-tools-for-stm32.7-2018-q2-update.win32_1.4.0.202007081208/tools/bin/../lib/gcc/arm-none-eabi/7.3.1/../../../../arm-none-eabi/lib/thumb/v7e-m/fpv4-sp/hard\libc_nano.a(lib_a-exit.o)
_fini                                             c:/st/stm32cubeide_1.4.0/stm32cubeide/plugins/com.st.stm32cube.ide.mcu.externaltools.gnu-tools-for-stm32.7-2018-q2-update.win32_1.4.0.202007081208/tools/bin/../lib/gcc/arm-none-eabi/7.3.1/thumb/v7e-m/fpv4-sp/hard/crti.o
_global_impure_ptr                                c:/st/stm32cubeide_1.4.0/stm32cubeide/plugins/com.st.stm32cube.ide.mcu.externaltools.gnu-tools-for-stm32.7-2018-q2-update.win32_1.4.0.202007081208/tools/bin/../lib/gcc/arm-none-eabi/7.3.1/../../../../arm-none-eabi/lib/thumb/v7e-m/fpv4-sp/hard\libc_nano.a(lib_a-impure.o)
                                                  c:/st/stm32cubeide_1.4.0/stm32cubeide/plugins/com.st.stm32cube.ide.mcu.externaltools.gnu-tools-for-stm32.7-2018-q2-update.win32_1.4.0.202007081208/tools/bin/../lib/gcc/arm-none-eabi/7.3.1/../../../../arm-none-eabi/lib/thumb/v7e-m/fpv4-sp/hard\libc_nano.a(lib_a-exit.o)
_impure_ptr                                       c:/st/stm32cubeide_1.4.0/stm32cubeide/plugins/com.st.stm32cube.ide.mcu.externaltools.gnu-tools-for-stm32.7-2018-q2-update.win32_1.4.0.202007081208/tools/bin/../lib/gcc/arm-none-eabi/7.3.1/../../../../arm-none-eabi/lib/thumb/v7e-m/fpv4-sp/hard\libc_nano.a(lib_a-impure.o)
_init                                             c:/st/stm32cubeide_1.4.0/stm32cubeide/plugins/com.st.stm32cube.ide.mcu.externaltools.gnu-tools-for-stm32.7-2018-q2-update.win32_1.4.0.202007081208/tools/bin/../lib/gcc/arm-none-eabi/7.3.1/thumb/v7e-m/fpv4-sp/hard/crti.o
                                                  c:/st/stm32cubeide_1.4.0/stm32cubeide/plugins/com.st.stm32cube.ide.mcu.externaltools.gnu-tools-for-stm32.7-2018-q2-update.win32_1.4.0.202007081208/tools/bin/../lib/gcc/arm-none-eabi/7.3.1/../../../../arm-none-eabi/lib/thumb/v7e-m/fpv4-sp/hard\libc_nano.a(lib_a-init.o)
_mainCRTStartup                                   c:/st/stm32cubeide_1.4.0/stm32cubeide/plugins/com.st.stm32cube.ide.mcu.externaltools.gnu-tools-for-stm32.7-2018-q2-update.win32_1.4.0.202007081208/tools/bin/../lib/gcc/arm-none-eabi/7.3.1/../../../../arm-none-eabi/lib/thumb/v7e-m/fpv4-sp/hard/crt0.o
_sbss                                             build/startup_stm32f405xx.o
_sdata                                            build/startup_stm32f405xx.o
_sidata                                           build/startup_stm32f405xx.o
_start                                            c:/st/stm32cubeide_1.4.0/stm32cubeide/plugins/com.st.stm32cube.ide.mcu.externaltools.gnu-tools-for-stm32.7-2018-q2-update.win32_1.4.0.202007081208/tools/bin/../lib/gcc/arm-none-eabi/7.3.1/../../../../arm-none-eabi/lib/thumb/v7e-m/fpv4-sp/hard/crt0.o
ar4x_handler                                      build/main.o
atexit                                            c:/st/stm32cubeide_1.4.0/stm32cubeide/plugins/com.st.stm32cube.ide.mcu.externaltools.gnu-tools-for-stm32.7-2018-q2-update.win32_1.4.0.202007081208/tools/bin/../lib/gcc/arm-none-eabi/7.3.1/../../../../arm-none-eabi/lib/thumb/v7e-m/fpv4-sp/hard/crt0.o
c64gs_handler                                     build/main.o
comal80_handler                                   build/main.o
connect                                           build/main.o
crt_handler                                       build/main.o
dat_buffer                                        build/main.o
dat_file                                          build/main.o
dinamic_handler                                   build/main.o
disk_initialize                                   build/main.o
                                                  build/ff.o
disk_ioctl                                        build/main.o
                                                  build/ff.o
disk_read                                         build/main.o
                                                  build/ff.o
disk_status                                       build/main.o
                                                  build/ff.o
disk_write                                        build/main.o
                                                  build/ff.o
ef_handler                                        build/main.o
ef_launcher_handler                               build/main.o
enable                                            build/main.o
ep_config                                         build/main.o
ep_deconfig                                       build/main.o
ep_isstalled                                      build/main.o
ep_read                                           build/main.o
ep_setstall                                       build/main.o
ep_write                                          build/main.o
epyx_handler                                      build/main.o
evt_poll                                          build/main.o
exit                                              c:/st/stm32cubeide_1.4.0/stm32cubeide/plugins/com.st.stm32cube.ide.mcu.externaltools.gnu-tools-for-stm32.7-2018-q2-update.win32_1.4.0.202007081208/tools/bin/../lib/gcc/arm-none-eabi/7.3.1/../../../../arm-none-eabi/lib/thumb/v7e-m/fpv4-sp/hard\libc_nano.a(lib_a-exit.o)
                                                  c:/st/stm32cubeide_1.4.0/stm32cubeide/plugins/com.st.stm32cube.ide.mcu.externaltools.gnu-tools-for-stm32.7-2018-q2-update.win32_1.4.0.202007081208/tools/bin/../lib/gcc/arm-none-eabi/7.3.1/../../../../arm-none-eabi/lib/thumb/v7e-m/fpv4-sp/hard/crt0.o
f_chdir                                           build/ff.o
                                                  build/main.o
f_chdrive                                         build/ff.o
f_close                                           build/ff.o
                                                  build/main.o
f_closedir                                        build/ff.o
                                                  build/main.o
f_getcwd                                          build/ff.o
                                                  build/main.o
f_getfree                                         build/ff.o
f_lseek                                           build/ff.o
                                                  build/main.o
f_mkdir                                           build/ff.o
f_mount                                           build/ff.o
                                                  build/main.o
f_open                                            build/ff.o
                                                  build/main.o
f_opendir                                         build/ff.o
                                                  build/main.o
f_read                                            build/ff.o
                                                  build/main.o
f_readdir                                         build/ff.o
                                                  build/main.o
f_rename                                          build/ff.o
f_stat                                            build/ff.o
f_sync                                            build/ff.o
f_truncate                                        build/ff.o
f_unlink                                          build/ff.o
f_write                                           build/ff.o
                                                  build/main.o
fc3_handler                                       build/main.o
ff_oem2uni                                        build/ffunicode.o
                                                  build/ff.o
ff_uni2oem                                        build/ffunicode.o
                                                  build/ff.o
ff_wtoupper                                       build/ffunicode.o
                                                  build/ff.o
g_pfnVectors                                      build/startup_stm32f405xx.o
get_frame                                         build/main.o
get_serialno_desc                                 build/main.o
getinfo                                           build/main.o
hardware_init_hook                                c:/st/stm32cubeide_1.4.0/stm32cubeide/plugins/com.st.stm32cube.ide.mcu.externaltools.gnu-tools-for-stm32.7-2018-q2-update.win32_1.4.0.202007081208/tools/bin/../lib/gcc/arm-none-eabi/7.3.1/../../../../arm-none-eabi/lib/thumb/v7e-m/fpv4-sp/hard/crt0.o
kcs_handler                                       build/main.o
magic_desk_handler                                build/main.o
main                                              build/main.o
                                                  build/startup_stm32f405xx.o
                                                  c:/st/stm32cubeide_1.4.0/stm32cubeide/plugins/com.st.stm32cube.ide.mcu.externaltools.gnu-tools-for-stm32.7-2018-q2-update.win32_1.4.0.202007081208/tools/bin/../lib/gcc/arm-none-eabi/7.3.1/../../../../arm-none-eabi/lib/thumb/v7e-m/fpv4-sp/hard/crt0.o
memcmp                                            c:/st/stm32cubeide_1.4.0/stm32cubeide/plugins/com.st.stm32cube.ide.mcu.externaltools.gnu-tools-for-stm32.7-2018-q2-update.win32_1.4.0.202007081208/tools/bin/../lib/gcc/arm-none-eabi/7.3.1/../../../../arm-none-eabi/lib/thumb/v7e-m/fpv4-sp/hard\libc_nano.a(lib_a-memcmp.o)
                                                  build/main.o
memcpy                                            c:/st/stm32cubeide_1.4.0/stm32cubeide/plugins/com.st.stm32cube.ide.mcu.externaltools.gnu-tools-for-stm32.7-2018-q2-update.win32_1.4.0.202007081208/tools/bin/../lib/gcc/arm-none-eabi/7.3.1/../../../../arm-none-eabi/lib/thumb/v7e-m/fpv4-sp/hard\libc_nano.a(lib_a-memcpy-stub.o)
                                                  build/main.o
memmove                                           c:/st/stm32cubeide_1.4.0/stm32cubeide/plugins/com.st.stm32cube.ide.mcu.externaltools.gnu-tools-for-stm32.7-2018-q2-update.win32_1.4.0.202007081208/tools/bin/../lib/gcc/arm-none-eabi/7.3.1/../../../../arm-none-eabi/lib/thumb/v7e-m/fpv4-sp/hard\libc_nano.a(lib_a-memmove.o)
                                                  build/main.o
memset                                            c:/st/stm32cubeide_1.4.0/stm32cubeide/plugins/com.st.stm32cube.ide.mcu.externaltools.gnu-tools-for-stm32.7-2018-q2-update.win32_1.4.0.202007081208/tools/bin/../lib/gcc/arm-none-eabi/7.3.1/../../../../arm-none-eabi/lib/thumb/v7e-m/fpv4-sp/hard\libc_nano.a(lib_a-memset.o)
                                                  build/main.o
                                                  c:/st/stm32cubeide_1.4.0/stm32cubeide/plugins/com.st.stm32cube.ide.mcu.externaltools.gnu-tools-for-stm32.7-2018-q2-update.win32_1.4.0.202007081208/tools/bin/../lib/gcc/arm-none-eabi/7.3.1/../../../../arm-none-eabi/lib/thumb/v7e-m/fpv4-sp/hard/crt0.o
setaddr                                           build/main.o
simons_basic_handler                              build/main.o
software_init_hook                                c:/st/stm32cubeide_1.4.0/stm32cubeide/plugins/com.st.stm32cube.ide.mcu.externaltools.gnu-tools-for-stm32.7-2018-q2-update.win32_1.4.0.202007081208/tools/bin/../lib/gcc/arm-none-eabi/7.3.1/../../../../arm-none-eabi/lib/thumb/v7e-m/fpv4-sp/hard/crt0.o
ss5_handler                                       build/main.o
strcmp                                            c:/st/stm32cubeide_1.4.0/stm32cubeide/plugins/com.st.stm32cube.ide.mcu.externaltools.gnu-tools-for-stm32.7-2018-q2-update.win32_1.4.0.202007081208/tools/bin/../lib/gcc/arm-none-eabi/7.3.1/../../../../arm-none-eabi/lib/thumb/v7e-m/fpv4-sp/hard\libc_nano.a(lib_a-strcmp.o)
                                                  build/main.o
strcpy                                            c:/st/stm32cubeide_1.4.0/stm32cubeide/plugins/com.st.stm32cube.ide.mcu.externaltools.gnu-tools-for-stm32.7-2018-q2-update.win32_1.4.0.202007081208/tools/bin/../lib/gcc/arm-none-eabi/7.3.1/../../../../arm-none-eabi/lib/thumb/v7e-m/fpv4-sp/hard\libc_nano.a(lib_a-strcpy.o)
                                                  build/main.o
strncmp                                           c:/st/stm32cubeide_1.4.0/stm32cubeide/plugins/com.st.stm32cube.ide.mcu.externaltools.gnu-tools-for-stm32.7-2018-q2-update.win32_1.4.0.202007081208/tools/bin/../lib/gcc/arm-none-eabi/7.3.1/../../../../arm-none-eabi/lib/thumb/v7e-m/fpv4-sp/hard\libc_nano.a(lib_a-strncmp.o)
                                                  build/main.o
usbd_otgfs                                        build/main.o
usbd_poll                                         build/main.o
zaxxon_handler                                    build/main.o
